// Jest Snapshot v1, https://goo.gl/fbAQLP

exports[`BattleNetAPI class should define clientId property 1`] = `"valid_client_id_from_BattleNetAPIMock"`;

exports[`BattleNetAPI class should define clientSecret property 1`] = `"valid_client_secret_from_BattleNetAPIMock"`;

exports[`BattleNetAPI class should define region property 1`] = `"us"`;

exports[`BattleNetAPI class should get access token 1`] = `"dmFsaWRfY2xpZW50X2lkX2Zyb21fQmF0dGxlTmV0QVBJTW9jazp2YWxpZF9jbGllbnRfc2VjcmV0X2Zyb21fQmF0dGxlTmV0QVBJTW9jaw=="`;

exports[`BattleNetAPI class should get access token when provided by user 1`] = `"valid_access_token"`;

exports[`BattleNetAPI class should save accessToken as undefined 1`] = `undefined`;

exports[`BattleNetAPI class should set access token 1`] = `"dmFsaWRfY2xpZW50X2lkX2Zyb21fQmF0dGxlTmV0QVBJTW9jazp2YWxpZF9jbGllbnRfc2VjcmV0X2Zyb21fQmF0dGxlTmV0QVBJTW9jaw=="`;

exports[`BattleNetAPI class should validate access token and return true 1`] = `true`;
