// Jest Snapshot v1, https://goo.gl/fbAQLP

exports[`OAUTH_TOKEN_URIS should match snapshot 1`] = `
{
  "1": "https://us.battle.net/oauth/token",
  "2": "https://eu.battle.net/oauth/token",
  "3": "https://apac.battle.net/oauth/token",
  "5": "https://www.battlenet.com.cn/oauth/token",
}
`;
