// Jest Snapshot v1, https://goo.gl/fbAQLP

exports[`OAUTH_CHECK_TOKEN_URIS should match snapshot 1`] = `
Object {
  "1": "https://us.battle.net/oauth/check_token?token=",
  "2": "https://eu.battle.net/oauth/check_token?token=",
  "3": "https://apac.battle.net/oauth/check_token?token=",
  "5": "https://www.battlenet.com.cn/oauth/check_token?token=",
}
`;
