// Jest Snapshot v1, https://goo.gl/fbAQLP

exports[`DEFAULT_LOCALES should match snapshot 1`] = `
{
  "1": 0,
  "2": 0,
  "3": 0,
  "5": 0,
}
`;
