// Jest Snapshot v1, https://goo.gl/fbAQLP

exports[`LOCALES should match snapshot 1`] = `
Object {
  "1": Array [
    "en_US",
    "es_MX",
    "pt_BR",
  ],
  "2": Array [
    "en_GB",
    "es_ES",
    "fr_FR",
    "ru_RU",
    "de_DE",
    "pt_PT",
    "it_IT",
  ],
  "3": Array [
    "ko_KR",
    "zh_TW",
  ],
  "5": Array [
    "zh_CN",
  ],
}
`;
