// Jest Snapshot v1, https://goo.gl/fbAQLP

exports[`REGIONS should match snapshot 1`] = `
{
  "1": [
    "us",
  ],
  "2": [
    "eu",
  ],
  "3": [
    "kr",
    "tw",
  ],
  "5": [
    "cn",
  ],
}
`;
