// Jest Snapshot v1, https://goo.gl/fbAQLP

exports[`SC2_REALMS should match snapshot 1`] = `
{
  "1": [
    1,
    2,
  ],
  "2": [
    1,
    2,
  ],
  "3": [
    1,
    2,
  ],
  "5": [
    1,
  ],
}
`;
