// Jest Snapshot v1, https://goo.gl/fbAQLP

exports[`getRegionIdByName() should return correct value for CN as valid region name 1`] = `5`;

exports[`getRegionIdByName() should return correct value for Cn as valid region name 1`] = `5`;

exports[`getRegionIdByName() should return correct value for EU as valid region name 1`] = `2`;

exports[`getRegionIdByName() should return correct value for Eu as valid region name 1`] = `2`;

exports[`getRegionIdByName() should return correct value for KR as valid region name 1`] = `3`;

exports[`getRegionIdByName() should return correct value for Kr as valid region name 1`] = `3`;

exports[`getRegionIdByName() should return correct value for TW as valid region name 1`] = `3`;

exports[`getRegionIdByName() should return correct value for Tw as valid region name 1`] = `3`;

exports[`getRegionIdByName() should return correct value for Us as valid region name 1`] = `1`;

exports[`getRegionIdByName() should return correct value for cN as valid region name 1`] = `5`;

exports[`getRegionIdByName() should return correct value for cn as valid region name 1`] = `5`;

exports[`getRegionIdByName() should return correct value for eU as valid region name 1`] = `2`;

exports[`getRegionIdByName() should return correct value for eu as valid region name 1`] = `2`;

exports[`getRegionIdByName() should return correct value for kR as valid region name 1`] = `3`;

exports[`getRegionIdByName() should return correct value for kr as valid region name 1`] = `3`;

exports[`getRegionIdByName() should return correct value for tW as valid region name 1`] = `3`;

exports[`getRegionIdByName() should return correct value for tw as valid region name 1`] = `3`;

exports[`getRegionIdByName() should return correct value for uS as valid region name 1`] = `1`;

exports[`getRegionIdByName() should return correct value for us as valid region name 1`] = `1`;

exports[`getRegionIdByName() should return correct value for us as valid region name 2`] = `1`;
