// Jest Snapshot v1, https://goo.gl/fbAQLP

exports[`getConstantByRegionName() should return correct value for CN and OAUTH_AUTHORIZE_URIS as valid parameters 1`] = `"https://www.battlenet.com.cn/oauth/authorize"`;

exports[`getConstantByRegionName() should return correct value for CN and OAUTH_CHECK_TOKEN_URIS as valid parameters 1`] = `"https://www.battlenet.com.cn/oauth/check_token?token="`;

exports[`getConstantByRegionName() should return correct value for CN and OAUTH_TOKEN_URIS as valid parameters 1`] = `"https://www.battlenet.com.cn/oauth/token"`;

exports[`getConstantByRegionName() should return correct value for CN and REGION_API_HOSTS as valid parameters 1`] = `"https://gateway.battlenet.com.cn"`;

exports[`getConstantByRegionName() should return correct value for Cn and OAUTH_AUTHORIZE_URIS as valid parameters 1`] = `"https://www.battlenet.com.cn/oauth/authorize"`;

exports[`getConstantByRegionName() should return correct value for Cn and OAUTH_CHECK_TOKEN_URIS as valid parameters 1`] = `"https://www.battlenet.com.cn/oauth/check_token?token="`;

exports[`getConstantByRegionName() should return correct value for Cn and OAUTH_TOKEN_URIS as valid parameters 1`] = `"https://www.battlenet.com.cn/oauth/token"`;

exports[`getConstantByRegionName() should return correct value for Cn and REGION_API_HOSTS as valid parameters 1`] = `"https://gateway.battlenet.com.cn"`;

exports[`getConstantByRegionName() should return correct value for EU and OAUTH_AUTHORIZE_URIS as valid parameters 1`] = `"https://eu.battle.net/oauth/authorize"`;

exports[`getConstantByRegionName() should return correct value for EU and OAUTH_CHECK_TOKEN_URIS as valid parameters 1`] = `"https://eu.battle.net/oauth/check_token?token="`;

exports[`getConstantByRegionName() should return correct value for EU and OAUTH_TOKEN_URIS as valid parameters 1`] = `"https://eu.battle.net/oauth/token"`;

exports[`getConstantByRegionName() should return correct value for EU and REGION_API_HOSTS as valid parameters 1`] = `"https://eu.api.blizzard.com"`;

exports[`getConstantByRegionName() should return correct value for Eu and OAUTH_AUTHORIZE_URIS as valid parameters 1`] = `"https://eu.battle.net/oauth/authorize"`;

exports[`getConstantByRegionName() should return correct value for Eu and OAUTH_CHECK_TOKEN_URIS as valid parameters 1`] = `"https://eu.battle.net/oauth/check_token?token="`;

exports[`getConstantByRegionName() should return correct value for Eu and OAUTH_TOKEN_URIS as valid parameters 1`] = `"https://eu.battle.net/oauth/token"`;

exports[`getConstantByRegionName() should return correct value for Eu and REGION_API_HOSTS as valid parameters 1`] = `"https://eu.api.blizzard.com"`;

exports[`getConstantByRegionName() should return correct value for KR and OAUTH_AUTHORIZE_URIS as valid parameters 1`] = `"https://apac.battle.net/oauth/authorize"`;

exports[`getConstantByRegionName() should return correct value for KR and OAUTH_CHECK_TOKEN_URIS as valid parameters 1`] = `"https://apac.battle.net/oauth/check_token?token="`;

exports[`getConstantByRegionName() should return correct value for KR and OAUTH_TOKEN_URIS as valid parameters 1`] = `"https://apac.battle.net/oauth/token"`;

exports[`getConstantByRegionName() should return correct value for KR and REGION_API_HOSTS as valid parameters 1`] = `
Array [
  "https://kr.api.blizzard.com",
  "https://tw.api.blizzard.com",
]
`;

exports[`getConstantByRegionName() should return correct value for Kr and OAUTH_AUTHORIZE_URIS as valid parameters 1`] = `"https://apac.battle.net/oauth/authorize"`;

exports[`getConstantByRegionName() should return correct value for Kr and OAUTH_CHECK_TOKEN_URIS as valid parameters 1`] = `"https://apac.battle.net/oauth/check_token?token="`;

exports[`getConstantByRegionName() should return correct value for Kr and OAUTH_TOKEN_URIS as valid parameters 1`] = `"https://apac.battle.net/oauth/token"`;

exports[`getConstantByRegionName() should return correct value for Kr and REGION_API_HOSTS as valid parameters 1`] = `
Array [
  "https://kr.api.blizzard.com",
  "https://tw.api.blizzard.com",
]
`;

exports[`getConstantByRegionName() should return correct value for TW and OAUTH_AUTHORIZE_URIS as valid parameters 1`] = `"https://apac.battle.net/oauth/authorize"`;

exports[`getConstantByRegionName() should return correct value for TW and OAUTH_CHECK_TOKEN_URIS as valid parameters 1`] = `"https://apac.battle.net/oauth/check_token?token="`;

exports[`getConstantByRegionName() should return correct value for TW and OAUTH_TOKEN_URIS as valid parameters 1`] = `"https://apac.battle.net/oauth/token"`;

exports[`getConstantByRegionName() should return correct value for TW and REGION_API_HOSTS as valid parameters 1`] = `
Array [
  "https://kr.api.blizzard.com",
  "https://tw.api.blizzard.com",
]
`;

exports[`getConstantByRegionName() should return correct value for Tw and OAUTH_AUTHORIZE_URIS as valid parameters 1`] = `"https://apac.battle.net/oauth/authorize"`;

exports[`getConstantByRegionName() should return correct value for Tw and OAUTH_CHECK_TOKEN_URIS as valid parameters 1`] = `"https://apac.battle.net/oauth/check_token?token="`;

exports[`getConstantByRegionName() should return correct value for Tw and OAUTH_TOKEN_URIS as valid parameters 1`] = `"https://apac.battle.net/oauth/token"`;

exports[`getConstantByRegionName() should return correct value for Tw and REGION_API_HOSTS as valid parameters 1`] = `
Array [
  "https://kr.api.blizzard.com",
  "https://tw.api.blizzard.com",
]
`;

exports[`getConstantByRegionName() should return correct value for Us and OAUTH_AUTHORIZE_URIS as valid parameters 1`] = `"https://us.battle.net/oauth/authorize"`;

exports[`getConstantByRegionName() should return correct value for Us and OAUTH_CHECK_TOKEN_URIS as valid parameters 1`] = `"https://us.battle.net/oauth/check_token?token="`;

exports[`getConstantByRegionName() should return correct value for Us and OAUTH_TOKEN_URIS as valid parameters 1`] = `"https://us.battle.net/oauth/token"`;

exports[`getConstantByRegionName() should return correct value for Us and REGION_API_HOSTS as valid parameters 1`] = `"https://us.api.blizzard.com"`;

exports[`getConstantByRegionName() should return correct value for cN and OAUTH_AUTHORIZE_URIS as valid parameters 1`] = `"https://www.battlenet.com.cn/oauth/authorize"`;

exports[`getConstantByRegionName() should return correct value for cN and OAUTH_CHECK_TOKEN_URIS as valid parameters 1`] = `"https://www.battlenet.com.cn/oauth/check_token?token="`;

exports[`getConstantByRegionName() should return correct value for cN and OAUTH_TOKEN_URIS as valid parameters 1`] = `"https://www.battlenet.com.cn/oauth/token"`;

exports[`getConstantByRegionName() should return correct value for cN and REGION_API_HOSTS as valid parameters 1`] = `"https://gateway.battlenet.com.cn"`;

exports[`getConstantByRegionName() should return correct value for cn and OAUTH_AUTHORIZE_URIS as valid parameters 1`] = `"https://www.battlenet.com.cn/oauth/authorize"`;

exports[`getConstantByRegionName() should return correct value for cn and OAUTH_CHECK_TOKEN_URIS as valid parameters 1`] = `"https://www.battlenet.com.cn/oauth/check_token?token="`;

exports[`getConstantByRegionName() should return correct value for cn and OAUTH_TOKEN_URIS as valid parameters 1`] = `"https://www.battlenet.com.cn/oauth/token"`;

exports[`getConstantByRegionName() should return correct value for cn and REGION_API_HOSTS as valid parameters 1`] = `"https://gateway.battlenet.com.cn"`;

exports[`getConstantByRegionName() should return correct value for eU and OAUTH_AUTHORIZE_URIS as valid parameters 1`] = `"https://eu.battle.net/oauth/authorize"`;

exports[`getConstantByRegionName() should return correct value for eU and OAUTH_CHECK_TOKEN_URIS as valid parameters 1`] = `"https://eu.battle.net/oauth/check_token?token="`;

exports[`getConstantByRegionName() should return correct value for eU and OAUTH_TOKEN_URIS as valid parameters 1`] = `"https://eu.battle.net/oauth/token"`;

exports[`getConstantByRegionName() should return correct value for eU and REGION_API_HOSTS as valid parameters 1`] = `"https://eu.api.blizzard.com"`;

exports[`getConstantByRegionName() should return correct value for eu and OAUTH_AUTHORIZE_URIS as valid parameters 1`] = `"https://eu.battle.net/oauth/authorize"`;

exports[`getConstantByRegionName() should return correct value for eu and OAUTH_CHECK_TOKEN_URIS as valid parameters 1`] = `"https://eu.battle.net/oauth/check_token?token="`;

exports[`getConstantByRegionName() should return correct value for eu and OAUTH_TOKEN_URIS as valid parameters 1`] = `"https://eu.battle.net/oauth/token"`;

exports[`getConstantByRegionName() should return correct value for eu and REGION_API_HOSTS as valid parameters 1`] = `"https://eu.api.blizzard.com"`;

exports[`getConstantByRegionName() should return correct value for kR and OAUTH_AUTHORIZE_URIS as valid parameters 1`] = `"https://apac.battle.net/oauth/authorize"`;

exports[`getConstantByRegionName() should return correct value for kR and OAUTH_CHECK_TOKEN_URIS as valid parameters 1`] = `"https://apac.battle.net/oauth/check_token?token="`;

exports[`getConstantByRegionName() should return correct value for kR and OAUTH_TOKEN_URIS as valid parameters 1`] = `"https://apac.battle.net/oauth/token"`;

exports[`getConstantByRegionName() should return correct value for kR and REGION_API_HOSTS as valid parameters 1`] = `
Array [
  "https://kr.api.blizzard.com",
  "https://tw.api.blizzard.com",
]
`;

exports[`getConstantByRegionName() should return correct value for kr and OAUTH_AUTHORIZE_URIS as valid parameters 1`] = `"https://apac.battle.net/oauth/authorize"`;

exports[`getConstantByRegionName() should return correct value for kr and OAUTH_CHECK_TOKEN_URIS as valid parameters 1`] = `"https://apac.battle.net/oauth/check_token?token="`;

exports[`getConstantByRegionName() should return correct value for kr and OAUTH_TOKEN_URIS as valid parameters 1`] = `"https://apac.battle.net/oauth/token"`;

exports[`getConstantByRegionName() should return correct value for kr and REGION_API_HOSTS as valid parameters 1`] = `
Array [
  "https://kr.api.blizzard.com",
  "https://tw.api.blizzard.com",
]
`;

exports[`getConstantByRegionName() should return correct value for tW and OAUTH_AUTHORIZE_URIS as valid parameters 1`] = `"https://apac.battle.net/oauth/authorize"`;

exports[`getConstantByRegionName() should return correct value for tW and OAUTH_CHECK_TOKEN_URIS as valid parameters 1`] = `"https://apac.battle.net/oauth/check_token?token="`;

exports[`getConstantByRegionName() should return correct value for tW and OAUTH_TOKEN_URIS as valid parameters 1`] = `"https://apac.battle.net/oauth/token"`;

exports[`getConstantByRegionName() should return correct value for tW and REGION_API_HOSTS as valid parameters 1`] = `
Array [
  "https://kr.api.blizzard.com",
  "https://tw.api.blizzard.com",
]
`;

exports[`getConstantByRegionName() should return correct value for tw and OAUTH_AUTHORIZE_URIS as valid parameters 1`] = `"https://apac.battle.net/oauth/authorize"`;

exports[`getConstantByRegionName() should return correct value for tw and OAUTH_CHECK_TOKEN_URIS as valid parameters 1`] = `"https://apac.battle.net/oauth/check_token?token="`;

exports[`getConstantByRegionName() should return correct value for tw and OAUTH_TOKEN_URIS as valid parameters 1`] = `"https://apac.battle.net/oauth/token"`;

exports[`getConstantByRegionName() should return correct value for tw and REGION_API_HOSTS as valid parameters 1`] = `
Array [
  "https://kr.api.blizzard.com",
  "https://tw.api.blizzard.com",
]
`;

exports[`getConstantByRegionName() should return correct value for uS and OAUTH_AUTHORIZE_URIS as valid parameters 1`] = `"https://us.battle.net/oauth/authorize"`;

exports[`getConstantByRegionName() should return correct value for uS and OAUTH_CHECK_TOKEN_URIS as valid parameters 1`] = `"https://us.battle.net/oauth/check_token?token="`;

exports[`getConstantByRegionName() should return correct value for uS and OAUTH_TOKEN_URIS as valid parameters 1`] = `"https://us.battle.net/oauth/token"`;

exports[`getConstantByRegionName() should return correct value for uS and REGION_API_HOSTS as valid parameters 1`] = `"https://us.api.blizzard.com"`;

exports[`getConstantByRegionName() should return correct value for us and OAUTH_AUTHORIZE_URIS as valid parameters 1`] = `"https://us.battle.net/oauth/authorize"`;

exports[`getConstantByRegionName() should return correct value for us and OAUTH_AUTHORIZE_URIS as valid parameters 2`] = `"https://us.battle.net/oauth/authorize"`;

exports[`getConstantByRegionName() should return correct value for us and OAUTH_CHECK_TOKEN_URIS as valid parameters 1`] = `"https://us.battle.net/oauth/check_token?token="`;

exports[`getConstantByRegionName() should return correct value for us and OAUTH_CHECK_TOKEN_URIS as valid parameters 2`] = `"https://us.battle.net/oauth/check_token?token="`;

exports[`getConstantByRegionName() should return correct value for us and OAUTH_TOKEN_URIS as valid parameters 1`] = `"https://us.battle.net/oauth/token"`;

exports[`getConstantByRegionName() should return correct value for us and OAUTH_TOKEN_URIS as valid parameters 2`] = `"https://us.battle.net/oauth/token"`;

exports[`getConstantByRegionName() should return correct value for us and REGION_API_HOSTS as valid parameters 1`] = `"https://us.api.blizzard.com"`;

exports[`getConstantByRegionName() should return correct value for us and REGION_API_HOSTS as valid parameters 2`] = `"https://us.api.blizzard.com"`;
