// Jest Snapshot v1, https://goo.gl/fbAQLP

exports[`getConstantByRegion() should return correct value for 1 and OAUTH_AUTHORIZE_URIS as valid parameters 1`] = `"https://us.battle.net/oauth/authorize"`;

exports[`getConstantByRegion() should return correct value for 1 and OAUTH_AUTHORIZE_URIS as valid parameters 2`] = `"https://us.battle.net/oauth/authorize"`;

exports[`getConstantByRegion() should return correct value for 1 and OAUTH_CHECK_TOKEN_URIS as valid parameters 1`] = `"https://us.battle.net/oauth/check_token?token="`;

exports[`getConstantByRegion() should return correct value for 1 and OAUTH_CHECK_TOKEN_URIS as valid parameters 2`] = `"https://us.battle.net/oauth/check_token?token="`;

exports[`getConstantByRegion() should return correct value for 1 and OAUTH_TOKEN_URIS as valid parameters 1`] = `"https://us.battle.net/oauth/token"`;

exports[`getConstantByRegion() should return correct value for 1 and OAUTH_TOKEN_URIS as valid parameters 2`] = `"https://us.battle.net/oauth/token"`;

exports[`getConstantByRegion() should return correct value for 1 and REGION_API_HOSTS as valid parameters 1`] = `"https://us.api.blizzard.com"`;

exports[`getConstantByRegion() should return correct value for 1 and REGION_API_HOSTS as valid parameters 2`] = `"https://us.api.blizzard.com"`;

exports[`getConstantByRegion() should return correct value for 2 and OAUTH_AUTHORIZE_URIS as valid parameters 1`] = `"https://eu.battle.net/oauth/authorize"`;

exports[`getConstantByRegion() should return correct value for 2 and OAUTH_AUTHORIZE_URIS as valid parameters 2`] = `"https://eu.battle.net/oauth/authorize"`;

exports[`getConstantByRegion() should return correct value for 2 and OAUTH_CHECK_TOKEN_URIS as valid parameters 1`] = `"https://eu.battle.net/oauth/check_token?token="`;

exports[`getConstantByRegion() should return correct value for 2 and OAUTH_CHECK_TOKEN_URIS as valid parameters 2`] = `"https://eu.battle.net/oauth/check_token?token="`;

exports[`getConstantByRegion() should return correct value for 2 and OAUTH_TOKEN_URIS as valid parameters 1`] = `"https://eu.battle.net/oauth/token"`;

exports[`getConstantByRegion() should return correct value for 2 and OAUTH_TOKEN_URIS as valid parameters 2`] = `"https://eu.battle.net/oauth/token"`;

exports[`getConstantByRegion() should return correct value for 2 and REGION_API_HOSTS as valid parameters 1`] = `"https://eu.api.blizzard.com"`;

exports[`getConstantByRegion() should return correct value for 2 and REGION_API_HOSTS as valid parameters 2`] = `"https://eu.api.blizzard.com"`;

exports[`getConstantByRegion() should return correct value for 3 and OAUTH_AUTHORIZE_URIS as valid parameters 1`] = `"https://apac.battle.net/oauth/authorize"`;

exports[`getConstantByRegion() should return correct value for 3 and OAUTH_AUTHORIZE_URIS as valid parameters 2`] = `"https://apac.battle.net/oauth/authorize"`;

exports[`getConstantByRegion() should return correct value for 3 and OAUTH_CHECK_TOKEN_URIS as valid parameters 1`] = `"https://apac.battle.net/oauth/check_token?token="`;

exports[`getConstantByRegion() should return correct value for 3 and OAUTH_CHECK_TOKEN_URIS as valid parameters 2`] = `"https://apac.battle.net/oauth/check_token?token="`;

exports[`getConstantByRegion() should return correct value for 3 and OAUTH_TOKEN_URIS as valid parameters 1`] = `"https://apac.battle.net/oauth/token"`;

exports[`getConstantByRegion() should return correct value for 3 and OAUTH_TOKEN_URIS as valid parameters 2`] = `"https://apac.battle.net/oauth/token"`;

exports[`getConstantByRegion() should return correct value for 3 and REGION_API_HOSTS as valid parameters 1`] = `"https://kr.api.blizzard.com"`;

exports[`getConstantByRegion() should return correct value for 3 and REGION_API_HOSTS as valid parameters 2`] = `"https://kr.api.blizzard.com"`;

exports[`getConstantByRegion() should return correct value for 5 and OAUTH_AUTHORIZE_URIS as valid parameters 1`] = `"https://www.battlenet.com.cn/oauth/authorize"`;

exports[`getConstantByRegion() should return correct value for 5 and OAUTH_AUTHORIZE_URIS as valid parameters 2`] = `"https://www.battlenet.com.cn/oauth/authorize"`;

exports[`getConstantByRegion() should return correct value for 5 and OAUTH_CHECK_TOKEN_URIS as valid parameters 1`] = `"https://www.battlenet.com.cn/oauth/check_token?token="`;

exports[`getConstantByRegion() should return correct value for 5 and OAUTH_CHECK_TOKEN_URIS as valid parameters 2`] = `"https://www.battlenet.com.cn/oauth/check_token?token="`;

exports[`getConstantByRegion() should return correct value for 5 and OAUTH_TOKEN_URIS as valid parameters 1`] = `"https://www.battlenet.com.cn/oauth/token"`;

exports[`getConstantByRegion() should return correct value for 5 and OAUTH_TOKEN_URIS as valid parameters 2`] = `"https://www.battlenet.com.cn/oauth/token"`;

exports[`getConstantByRegion() should return correct value for 5 and REGION_API_HOSTS as valid parameters 1`] = `"https://api.blizzard.com.cn"`;

exports[`getConstantByRegion() should return correct value for 5 and REGION_API_HOSTS as valid parameters 2`] = `"https://api.blizzard.com.cn"`;

exports[`getConstantByRegion() should return correct value for CN as valid region name 1`] = `"https://api.blizzard.com.cn"`;

exports[`getConstantByRegion() should return correct value for CN as valid region name 2`] = `"https://www.battlenet.com.cn/oauth/authorize"`;

exports[`getConstantByRegion() should return correct value for CN as valid region name 3`] = `"https://www.battlenet.com.cn/oauth/token"`;

exports[`getConstantByRegion() should return correct value for CN as valid region name 4`] = `"https://www.battlenet.com.cn/oauth/check_token?token="`;

exports[`getConstantByRegion() should return correct value for Cn as valid region name 1`] = `"https://api.blizzard.com.cn"`;

exports[`getConstantByRegion() should return correct value for Cn as valid region name 2`] = `"https://www.battlenet.com.cn/oauth/authorize"`;

exports[`getConstantByRegion() should return correct value for Cn as valid region name 3`] = `"https://www.battlenet.com.cn/oauth/token"`;

exports[`getConstantByRegion() should return correct value for Cn as valid region name 4`] = `"https://www.battlenet.com.cn/oauth/check_token?token="`;

exports[`getConstantByRegion() should return correct value for EU as valid region name 1`] = `"https://eu.api.blizzard.com"`;

exports[`getConstantByRegion() should return correct value for EU as valid region name 2`] = `"https://eu.battle.net/oauth/authorize"`;

exports[`getConstantByRegion() should return correct value for EU as valid region name 3`] = `"https://eu.battle.net/oauth/token"`;

exports[`getConstantByRegion() should return correct value for EU as valid region name 4`] = `"https://eu.battle.net/oauth/check_token?token="`;

exports[`getConstantByRegion() should return correct value for Eu as valid region name 1`] = `"https://eu.api.blizzard.com"`;

exports[`getConstantByRegion() should return correct value for Eu as valid region name 2`] = `"https://eu.battle.net/oauth/authorize"`;

exports[`getConstantByRegion() should return correct value for Eu as valid region name 3`] = `"https://eu.battle.net/oauth/token"`;

exports[`getConstantByRegion() should return correct value for Eu as valid region name 4`] = `"https://eu.battle.net/oauth/check_token?token="`;

exports[`getConstantByRegion() should return correct value for KR as valid region name 1`] = `"https://kr.api.blizzard.com"`;

exports[`getConstantByRegion() should return correct value for KR as valid region name 2`] = `"https://apac.battle.net/oauth/authorize"`;

exports[`getConstantByRegion() should return correct value for KR as valid region name 3`] = `"https://apac.battle.net/oauth/token"`;

exports[`getConstantByRegion() should return correct value for KR as valid region name 4`] = `"https://apac.battle.net/oauth/check_token?token="`;

exports[`getConstantByRegion() should return correct value for Kr as valid region name 1`] = `"https://kr.api.blizzard.com"`;

exports[`getConstantByRegion() should return correct value for Kr as valid region name 2`] = `"https://apac.battle.net/oauth/authorize"`;

exports[`getConstantByRegion() should return correct value for Kr as valid region name 3`] = `"https://apac.battle.net/oauth/token"`;

exports[`getConstantByRegion() should return correct value for Kr as valid region name 4`] = `"https://apac.battle.net/oauth/check_token?token="`;

exports[`getConstantByRegion() should return correct value for TW as valid region name 1`] = `"https://kr.api.blizzard.com"`;

exports[`getConstantByRegion() should return correct value for TW as valid region name 2`] = `"https://apac.battle.net/oauth/authorize"`;

exports[`getConstantByRegion() should return correct value for TW as valid region name 3`] = `"https://apac.battle.net/oauth/token"`;

exports[`getConstantByRegion() should return correct value for TW as valid region name 4`] = `"https://apac.battle.net/oauth/check_token?token="`;

exports[`getConstantByRegion() should return correct value for Tw as valid region name 1`] = `"https://kr.api.blizzard.com"`;

exports[`getConstantByRegion() should return correct value for Tw as valid region name 2`] = `"https://apac.battle.net/oauth/authorize"`;

exports[`getConstantByRegion() should return correct value for Tw as valid region name 3`] = `"https://apac.battle.net/oauth/token"`;

exports[`getConstantByRegion() should return correct value for Tw as valid region name 4`] = `"https://apac.battle.net/oauth/check_token?token="`;

exports[`getConstantByRegion() should return correct value for Us as valid region name 1`] = `"https://us.api.blizzard.com"`;

exports[`getConstantByRegion() should return correct value for Us as valid region name 2`] = `"https://us.battle.net/oauth/authorize"`;

exports[`getConstantByRegion() should return correct value for Us as valid region name 3`] = `"https://us.battle.net/oauth/token"`;

exports[`getConstantByRegion() should return correct value for Us as valid region name 4`] = `"https://us.battle.net/oauth/check_token?token="`;

exports[`getConstantByRegion() should return correct value for cN as valid region name 1`] = `"https://api.blizzard.com.cn"`;

exports[`getConstantByRegion() should return correct value for cN as valid region name 2`] = `"https://www.battlenet.com.cn/oauth/authorize"`;

exports[`getConstantByRegion() should return correct value for cN as valid region name 3`] = `"https://www.battlenet.com.cn/oauth/token"`;

exports[`getConstantByRegion() should return correct value for cN as valid region name 4`] = `"https://www.battlenet.com.cn/oauth/check_token?token="`;

exports[`getConstantByRegion() should return correct value for cn as valid region name 1`] = `"https://api.blizzard.com.cn"`;

exports[`getConstantByRegion() should return correct value for cn as valid region name 2`] = `"https://www.battlenet.com.cn/oauth/authorize"`;

exports[`getConstantByRegion() should return correct value for cn as valid region name 3`] = `"https://www.battlenet.com.cn/oauth/token"`;

exports[`getConstantByRegion() should return correct value for cn as valid region name 4`] = `"https://www.battlenet.com.cn/oauth/check_token?token="`;

exports[`getConstantByRegion() should return correct value for eU as valid region name 1`] = `"https://eu.api.blizzard.com"`;

exports[`getConstantByRegion() should return correct value for eU as valid region name 2`] = `"https://eu.battle.net/oauth/authorize"`;

exports[`getConstantByRegion() should return correct value for eU as valid region name 3`] = `"https://eu.battle.net/oauth/token"`;

exports[`getConstantByRegion() should return correct value for eU as valid region name 4`] = `"https://eu.battle.net/oauth/check_token?token="`;

exports[`getConstantByRegion() should return correct value for eu as valid region name 1`] = `"https://eu.api.blizzard.com"`;

exports[`getConstantByRegion() should return correct value for eu as valid region name 2`] = `"https://eu.battle.net/oauth/authorize"`;

exports[`getConstantByRegion() should return correct value for eu as valid region name 3`] = `"https://eu.battle.net/oauth/token"`;

exports[`getConstantByRegion() should return correct value for eu as valid region name 4`] = `"https://eu.battle.net/oauth/check_token?token="`;

exports[`getConstantByRegion() should return correct value for kR as valid region name 1`] = `"https://kr.api.blizzard.com"`;

exports[`getConstantByRegion() should return correct value for kR as valid region name 2`] = `"https://apac.battle.net/oauth/authorize"`;

exports[`getConstantByRegion() should return correct value for kR as valid region name 3`] = `"https://apac.battle.net/oauth/token"`;

exports[`getConstantByRegion() should return correct value for kR as valid region name 4`] = `"https://apac.battle.net/oauth/check_token?token="`;

exports[`getConstantByRegion() should return correct value for kr as valid region name 1`] = `"https://kr.api.blizzard.com"`;

exports[`getConstantByRegion() should return correct value for kr as valid region name 2`] = `"https://apac.battle.net/oauth/authorize"`;

exports[`getConstantByRegion() should return correct value for kr as valid region name 3`] = `"https://apac.battle.net/oauth/token"`;

exports[`getConstantByRegion() should return correct value for kr as valid region name 4`] = `"https://apac.battle.net/oauth/check_token?token="`;

exports[`getConstantByRegion() should return correct value for tW as valid region name 1`] = `"https://kr.api.blizzard.com"`;

exports[`getConstantByRegion() should return correct value for tW as valid region name 2`] = `"https://apac.battle.net/oauth/authorize"`;

exports[`getConstantByRegion() should return correct value for tW as valid region name 3`] = `"https://apac.battle.net/oauth/token"`;

exports[`getConstantByRegion() should return correct value for tW as valid region name 4`] = `"https://apac.battle.net/oauth/check_token?token="`;

exports[`getConstantByRegion() should return correct value for tw as valid region name 1`] = `"https://kr.api.blizzard.com"`;

exports[`getConstantByRegion() should return correct value for tw as valid region name 2`] = `"https://apac.battle.net/oauth/authorize"`;

exports[`getConstantByRegion() should return correct value for tw as valid region name 3`] = `"https://apac.battle.net/oauth/token"`;

exports[`getConstantByRegion() should return correct value for tw as valid region name 4`] = `"https://apac.battle.net/oauth/check_token?token="`;

exports[`getConstantByRegion() should return correct value for uS as valid region name 1`] = `"https://us.api.blizzard.com"`;

exports[`getConstantByRegion() should return correct value for uS as valid region name 2`] = `"https://us.battle.net/oauth/authorize"`;

exports[`getConstantByRegion() should return correct value for uS as valid region name 3`] = `"https://us.battle.net/oauth/token"`;

exports[`getConstantByRegion() should return correct value for uS as valid region name 4`] = `"https://us.battle.net/oauth/check_token?token="`;

exports[`getConstantByRegion() should return correct value for us as valid region name 1`] = `"https://us.api.blizzard.com"`;

exports[`getConstantByRegion() should return correct value for us as valid region name 2`] = `"https://us.battle.net/oauth/authorize"`;

exports[`getConstantByRegion() should return correct value for us as valid region name 3`] = `"https://us.battle.net/oauth/token"`;

exports[`getConstantByRegion() should return correct value for us as valid region name 4`] = `"https://us.battle.net/oauth/check_token?token="`;

exports[`getConstantByRegion() should return correct value for us as valid region name 5`] = `"https://us.api.blizzard.com"`;

exports[`getConstantByRegion() should return correct value for us as valid region name 6`] = `"https://us.battle.net/oauth/authorize"`;

exports[`getConstantByRegion() should return correct value for us as valid region name 7`] = `"https://us.battle.net/oauth/token"`;

exports[`getConstantByRegion() should return correct value for us as valid region name 8`] = `"https://us.battle.net/oauth/check_token?token="`;
