// Jest Snapshot v1, https://goo.gl/fbAQLP

exports[`BlizzAPI class should query an endpoint 1`] = `
Object {
  "access_token": "no_access_token_provided",
  "headers": Object {
    "Authorization": "Bearer no_access_token_provided",
  },
  "params": Object {
    "data": "default sample params",
  },
  "timeout": 10000,
  "title": "sample mocked data for GET request to https://us.api.blizzard.com/sample/endpoint",
}
`;

exports[`BlizzAPI class should validate access token and return true 1`] = `true`;
