// Jest Snapshot v1, https://goo.gl/fbAQLP

exports[`CONSTANTS class should match snapshot 1`] = `
Object {
  "DEFAULT_LOCALES": Object {
    "1": 0,
    "2": 0,
    "3": 0,
    "5": 0,
  },
  "LOCALES": Object {
    "1": Array [
      "en_US",
      "es_MX",
      "pt_BR",
    ],
    "2": Array [
      "en_GB",
      "es_ES",
      "fr_FR",
      "ru_RU",
      "de_DE",
      "pt_PT",
      "it_IT",
    ],
    "3": Array [
      "ko_KR",
      "zh_TW",
    ],
    "5": Array [
      "zh_CN",
    ],
  },
  "OAUTH_AUTHORIZE_URIS": Object {
    "1": "https://us.battle.net/oauth/authorize",
    "2": "https://eu.battle.net/oauth/authorize",
    "3": "https://apac.battle.net/oauth/authorize",
    "5": "https://www.battlenet.com.cn/oauth/authorize",
  },
  "OAUTH_CHECK_TOKEN_URIS": Object {
    "1": "https://us.battle.net/oauth/check_token?token=",
    "2": "https://eu.battle.net/oauth/check_token?token=",
    "3": "https://apac.battle.net/oauth/check_token?token=",
    "5": "https://www.battlenet.com.cn/oauth/check_token?token=",
  },
  "OAUTH_TOKEN_URIS": Object {
    "1": "https://us.battle.net/oauth/token",
    "2": "https://eu.battle.net/oauth/token",
    "3": "https://apac.battle.net/oauth/token",
    "5": "https://www.battlenet.com.cn/oauth/token",
  },
  "REGIONS": Object {
    "1": Array [
      "us",
    ],
    "2": Array [
      "eu",
    ],
    "3": Array [
      "kr",
      "tw",
    ],
    "5": Array [
      "cn",
    ],
  },
  "REGION_API_HOSTS": Object {
    "1": "https://us.api.blizzard.com",
    "2": "https://eu.api.blizzard.com",
    "3": Array [
      "https://kr.api.blizzard.com",
      "https://tw.api.blizzard.com",
    ],
    "5": "https://gateway.battlenet.com.cn",
  },
  "SC2_REALMS": Object {
    "1": Array [
      1,
      2,
    ],
    "2": Array [
      1,
      2,
    ],
    "3": Array [
      1,
      2,
    ],
    "5": Array [
      1,
    ],
  },
}
`;
