// Jest Snapshot v1, https://goo.gl/fbAQLP

exports[`REGIONS should match snapshot 1`] = `
Object {
  "1": Array [
    "us",
  ],
  "2": Array [
    "eu",
  ],
  "3": Array [
    "kr",
    "tw",
  ],
  "5": Array [
    "cn",
  ],
}
`;
