// Jest Snapshot v1, https://goo.gl/fbAQLP

exports[`SC2_REALMS should match snapshot 1`] = `
Object {
  "1": Array [
    1,
    2,
  ],
  "2": Array [
    1,
    2,
  ],
  "3": Array [
    1,
    2,
  ],
  "5": Array [
    1,
  ],
}
`;
