// Jest Snapshot v1, https://goo.gl/fbAQLP

exports[`Helpers module should expose all modules 1`] = `
{
  "endpoint": [Function],
  "fetchFromUri": [Function],
  "getAccessTokenObject": [Function],
  "query": [Function],
  "uri": [Function],
  "validateAccessToken": [Function],
}
`;
