// Jest Snapshot v1, https://goo.gl/fbAQLP

exports[`fetchAccessToken() returns correct response for GET request to a valid uri 1`] = `
Object {
  "access_token": "c2FtcGxlX2NsaWVudF9pZDpzYW1wbGVfY2xpZW50X3NlY3JldA==",
  "headers": Object {
    "Authorization": "Basic c2FtcGxlX2NsaWVudF9pZDpzYW1wbGVfY2xpZW50X3NlY3JldA==",
  },
  "title": "sample mocked data for POST request to http://sample.oauth.uri/",
}
`;
