// Jest Snapshot v1, https://goo.gl/fbAQLP

exports[`getAccessToken() returns correct response for GET request to a valid uri 1`] = `"no_access_token_provided"`;
